app/admin/page.tsx(1806,87): error TS7006: Parameter '_' implicitly has an 'any' type.
app/admin/page.tsx(1806,90): error TS7006: Parameter 'i' implicitly has an 'any' type.
app/api/calendar/callback/route.ts(194,45): error TS18048: 'errorStack' is possibly 'undefined'.
components/blog-card.tsx(17,19): error TS2339: Property 'blog' does not exist on type 'PortfolioData'.
components/blog-card.tsx(19,25): error TS2339: Property 'blog' does not exist on type 'PortfolioData'.
components/blog-card.tsx(20,49): error TS2339: Property 'blog' does not exist on type 'PortfolioData'.
components/blog-card.tsx(20,68): error TS2339: Property 'blog' does not exist on type 'PortfolioData'.
components/blog-card.tsx(20,89): error TS2339: Property 'blog' does not exist on type 'PortfolioData'.
components/blog-card.tsx(21,55): error TS2339: Property 'blog' does not exist on type 'PortfolioData'.
components/blog-card.tsx(21,80): error TS2339: Property 'blog' does not exist on type 'PortfolioData'.
components/blog-card.tsx(21,107): error TS2339: Property 'blog' does not exist on type 'PortfolioData'.
components/hero-card.tsx(221,24): error TS2304: Cannot find name 'Icons'.
